2025-05-07T17:51:25.865366Z 0 [Warning] [MY-010097] [Server] Insecure configuration for --secure-file-priv: Current value does not restrict location of generated files. Consider setting it to a valid, non-empty path.
2025-05-07T17:51:25.865367Z 0 [Warning] [MY-010918] [Server] 'default_authentication_plugin' is deprecated and will be removed in a future release. Please use authentication_policy instead.
2025-05-07T17:51:25.865369Z 0 [System] [MY-010116] [Server] C:\laragon\bin\mysql\mysql-8.0.30-winx64\bin\mysqld (mysqld 8.0.30) starting as process 6524
2025-05-07T17:51:25.961371Z 1 [System] [MY-013576] [InnoDB] InnoDB initialization has started.
2025-05-07T17:51:31.267675Z 1 [System] [MY-013577] [InnoDB] InnoDB initialization has ended.
2025-05-07T17:51:32.734759Z 0 [Warning] [MY-013829] [Server] Missing data directory for ICU regular expressions: C:\laragon\bin\mysql\mysql-8.0.30-winx64\lib\private\.
2025-05-07T17:51:32.827764Z 0 [Warning] [MY-010068] [Server] CA certificate ca.pem is self signed.
2025-05-07T17:51:32.827765Z 0 [System] [MY-013602] [Server] Channel mysql_main configured to support TLS. Encrypted connections are now supported for this channel.
2025-05-07T17:51:32.829765Z 0 [ERROR] [MY-010262] [Server] Can't start server: Bind on TCP/IP port: Normalmente é permitida apenas uma utilização de cada endereço de soquete (protocolo/endereço de rede/porta). 
2025-05-07T17:51:32.829766Z 0 [ERROR] [MY-010257] [Server] Do you already have another mysqld server running on port: 3306 ?
2025-05-07T17:51:32.830764Z 0 [ERROR] [MY-010119] [Server] Aborting
2025-05-07T17:51:35.008889Z 0 [System] [MY-010910] [Server] C:\laragon\bin\mysql\mysql-8.0.30-winx64\bin\mysqld: Shutdown complete (mysqld 8.0.30)  MySQL Community Server - GPL.
2025-06-04T17:30:18.906269Z 0 [Warning] [MY-010097] [Server] Insecure configuration for --secure-file-priv: Current value does not restrict location of generated files. Consider setting it to a valid, non-empty path.
2025-06-04T17:30:18.913269Z 0 [Warning] [MY-010918] [Server] 'default_authentication_plugin' is deprecated and will be removed in a future release. Please use authentication_policy instead.
2025-06-04T17:30:18.913271Z 0 [System] [MY-010116] [Server] C:\laragon\bin\mysql\mysql-8.0.30-winx64\bin\mysqld (mysqld 8.0.30) starting as process 4256
2025-06-04T17:30:19.170284Z 1 [System] [MY-013576] [InnoDB] InnoDB initialization has started.
2025-06-04T17:30:24.463586Z 1 [System] [MY-013577] [InnoDB] InnoDB initialization has ended.
2025-06-04T17:30:26.158683Z 0 [Warning] [MY-013829] [Server] Missing data directory for ICU regular expressions: C:\laragon\bin\mysql\mysql-8.0.30-winx64\lib\private\.
2025-06-04T17:30:26.248689Z 0 [Warning] [MY-010068] [Server] CA certificate ca.pem is self signed.
2025-06-04T17:30:26.249689Z 0 [System] [MY-013602] [Server] Channel mysql_main configured to support TLS. Encrypted connections are now supported for this channel.
2025-06-04T17:30:26.616710Z 0 [System] [MY-011323] [Server] X Plugin ready for connections. Bind-address: '::' port: 33060
2025-06-04T17:30:26.617710Z 0 [System] [MY-010931] [Server] C:\laragon\bin\mysql\mysql-8.0.30-winx64\bin\mysqld: ready for connections. Version: '8.0.30'  socket: ''  port: 3306  MySQL Community Server - GPL.
